Component: ARM Compiler 5.06 update 7 (build 960) Tool: armlink [4d3601]

==============================================================================

Section Cross References

    principal.o(i.main) refers to memcpya.o(.text) for __aeabi_memcpy4
    principal.o(i.main) refers to driver_plateau.o(i.PLATEAU_Init) for PLATEAU_Init
    principal.o(i.main) refers to driver_plateau.o(i.PLATEAU_Enable) for PLATEAU_Enable
    principal.o(i.main) refers to principal.o(.constdata) for .constdata
    driver_timer.o(i.MyTimer_ActiveIT) refers to driver_timer.o(i.__NVIC_EnableIRQ) for __NVIC_EnableIRQ
    driver_timer.o(i.MyTimer_ActiveIT) refers to driver_timer.o(i.__NVIC_SetPriority) for __NVIC_SetPriority
    driver_timer.o(i.MyTimer_ActiveIT) refers to driver_timer.o(.data) for ptr_Fnc_Handler
    driver_timer.o(i.TIM1_UP_IRQHandler) refers to driver_timer.o(.data) for ptr_Fnc_Handler
    driver_timer.o(i.TIM2_IRQHandler) refers to driver_timer.o(.data) for ptr_Fnc_Handler
    driver_timer.o(i.TIM3_IRQHandler) refers to driver_timer.o(.data) for ptr_Fnc_Handler
    driver_timer.o(i.TIM4_IRQHandler) refers to driver_timer.o(.data) for ptr_Fnc_Handler
    driver_uart.o(i.MyUART_Enable_Receive_IT) refers to driver_uart.o(i.__NVIC_EnableIRQ) for __NVIC_EnableIRQ
    driver_uart.o(i.MyUART_Enable_Receive_IT) refers to driver_uart.o(i.__NVIC_SetPriority) for __NVIC_SetPriority
    driver_uart.o(i.MyUART_Enable_Receive_IT) refers to driver_uart.o(.data) for INDEXER_BUFFER
    driver_uart.o(i.MyUART_Init) refers to driver_gpio.o(i.MyGPIO_Init) for MyGPIO_Init
    driver_uart.o(i.MyUART_Init) refers to driver_uart.o(.constdata) for .constdata
    driver_uart.o(i.USART1_IRQHandler) refers to driver_uart.o(.bss) for BUFFER
    driver_uart.o(i.USART1_IRQHandler) refers to driver_uart.o(.data) for INDEXER_BUFFER
    driver_uart.o(i.USART2_IRQHandler) refers to driver_uart.o(.bss) for BUFFER
    driver_uart.o(i.USART2_IRQHandler) refers to driver_uart.o(.data) for INDEXER_BUFFER
    driver_uart.o(i.USART3_IRQHandler) refers to driver_uart.o(.bss) for BUFFER
    driver_uart.o(i.USART3_IRQHandler) refers to driver_uart.o(.data) for INDEXER_BUFFER
    driver_plateau.o(i.PLATEAU_Enable) refers to driver_uart.o(i.MyUART_Enable_Receive_IT) for MyUART_Enable_Receive_IT
    driver_plateau.o(i.PLATEAU_Enable) refers to driver_uart.o(i.MyUART_Enable) for MyUART_Enable
    driver_plateau.o(i.PLATEAU_Enable) refers to driver_plateau.o(i.USART_IT) for USART_IT
    driver_plateau.o(i.PLATEAU_Enable) refers to driver_plateau.o(.data) for MonPlateau_global
    driver_plateau.o(i.PLATEAU_Init) refers to driver_gpio.o(i.MyGPIO_Init) for MyGPIO_Init
    driver_plateau.o(i.PLATEAU_Init) refers to driver_timer.o(i.MyTimer_Base_Init) for MyTimer_Base_Init
    driver_plateau.o(i.PLATEAU_Init) refers to driver_timer.o(i.MyTimer_PWM) for MyTimer_PWM
    driver_plateau.o(i.PLATEAU_Init) refers to driver_uart.o(i.MyUART_Init) for MyUART_Init
    driver_plateau.o(i.USART_IT) refers to driver_gpio.o(i.MyGPIO_Set) for MyGPIO_Set
    driver_plateau.o(i.USART_IT) refers to driver_gpio.o(i.MyGPIO_Reset) for MyGPIO_Reset
    driver_plateau.o(i.USART_IT) refers to driver_timer.o(i.MyTimer_PWM_DutyCycle) for MyTimer_PWM_DutyCycle
    driver_plateau.o(i.USART_IT) refers to driver_uart.o(.bss) for BUFFER
    driver_plateau.o(i.USART_IT) refers to driver_plateau.o(.data) for MonPlateau_global
    startup_stm32f10x_md.o(RESET) refers to startup_stm32f10x_md.o(STACK) for __initial_sp
    startup_stm32f10x_md.o(RESET) refers to startup_stm32f10x_md.o(.text) for Reset_Handler
    startup_stm32f10x_md.o(RESET) refers to driver_timer.o(i.TIM1_UP_IRQHandler) for TIM1_UP_IRQHandler
    startup_stm32f10x_md.o(RESET) refers to driver_timer.o(i.TIM2_IRQHandler) for TIM2_IRQHandler
    startup_stm32f10x_md.o(RESET) refers to driver_timer.o(i.TIM3_IRQHandler) for TIM3_IRQHandler
    startup_stm32f10x_md.o(RESET) refers to driver_timer.o(i.TIM4_IRQHandler) for TIM4_IRQHandler
    startup_stm32f10x_md.o(RESET) refers to driver_uart.o(i.USART1_IRQHandler) for USART1_IRQHandler
    startup_stm32f10x_md.o(RESET) refers to driver_uart.o(i.USART2_IRQHandler) for USART2_IRQHandler
    startup_stm32f10x_md.o(RESET) refers to driver_uart.o(i.USART3_IRQHandler) for USART3_IRQHandler
    startup_stm32f10x_md.o(.text) refers to system_stm32f10x.o(i.SystemInit) for SystemInit
    startup_stm32f10x_md.o(.text) refers to entry.o(.ARM.Collect$$$$00000000) for __main
    system_stm32f10x.o(i.SetSysClock) refers to system_stm32f10x.o(i.SetSysClockTo72) for SetSysClockTo72
    system_stm32f10x.o(i.SystemCoreClockUpdate) refers to system_stm32f10x.o(.data) for SystemCoreClock
    system_stm32f10x.o(i.SystemInit) refers to system_stm32f10x.o(i.SetSysClock) for SetSysClock
    entry.o(.ARM.Collect$$$$00000000) refers (Special) to entry10a.o(.ARM.Collect$$$$0000000F) for __rt_final_cpp
    entry.o(.ARM.Collect$$$$00000000) refers (Special) to entry11a.o(.ARM.Collect$$$$00000011) for __rt_final_exit
    entry.o(.ARM.Collect$$$$00000000) refers (Special) to entry12b.o(.ARM.Collect$$$$0000000E) for __rt_lib_shutdown_fini
    entry.o(.ARM.Collect$$$$00000000) refers (Special) to entry7b.o(.ARM.Collect$$$$00000008) for _main_clock
    entry.o(.ARM.Collect$$$$00000000) refers (Special) to entry8b.o(.ARM.Collect$$$$0000000A) for _main_cpp_init
    entry.o(.ARM.Collect$$$$00000000) refers (Special) to entry9a.o(.ARM.Collect$$$$0000000B) for _main_init
    entry.o(.ARM.Collect$$$$00000000) refers (Special) to entry5.o(.ARM.Collect$$$$00000004) for _main_scatterload
    entry.o(.ARM.Collect$$$$00000000) refers (Special) to entry2.o(.ARM.Collect$$$$00000001) for _main_stk
    entry2.o(.ARM.Collect$$$$00000001) refers to entry2.o(.ARM.Collect$$$$00002712) for __lit__00000000
    entry2.o(.ARM.Collect$$$$00002712) refers to startup_stm32f10x_md.o(STACK) for __initial_sp
    entry2.o(__vectab_stack_and_reset_area) refers to startup_stm32f10x_md.o(STACK) for __initial_sp
    entry2.o(__vectab_stack_and_reset_area) refers to entry.o(.ARM.Collect$$$$00000000) for __main
    entry5.o(.ARM.Collect$$$$00000004) refers to init.o(.text) for __scatterload
    entry9a.o(.ARM.Collect$$$$0000000B) refers to principal.o(i.main) for main
    entry9b.o(.ARM.Collect$$$$0000000C) refers to principal.o(i.main) for main
    init.o(.text) refers to entry5.o(.ARM.Collect$$$$00000004) for __main_after_scatterload


==============================================================================

Removing Unused input sections from the image.

    Removing principal.o(.rev16_text), (4 bytes).
    Removing principal.o(.revsh_text), (4 bytes).
    Removing principal.o(.rrx_text), (6 bytes).
    Removing driver_gpio.o(.rev16_text), (4 bytes).
    Removing driver_gpio.o(.revsh_text), (4 bytes).
    Removing driver_gpio.o(.rrx_text), (6 bytes).
    Removing driver_gpio.o(i.MyGPIO_Read), (14 bytes).
    Removing driver_gpio.o(i.MyGPIO_Toggle), (12 bytes).
    Removing driver_timer.o(.rev16_text), (4 bytes).
    Removing driver_timer.o(.revsh_text), (4 bytes).
    Removing driver_timer.o(.rrx_text), (6 bytes).
    Removing driver_timer.o(i.MyTimer_ActiveIT), (124 bytes).
    Removing driver_timer.o(i.__NVIC_EnableIRQ), (34 bytes).
    Removing driver_timer.o(i.__NVIC_SetPriority), (40 bytes).
    Removing driver_uart.o(.rev16_text), (4 bytes).
    Removing driver_uart.o(.revsh_text), (4 bytes).
    Removing driver_uart.o(.rrx_text), (6 bytes).
    Removing driver_uart.o(i.MyUART_Send), (116 bytes).
    Removing driver_plateau.o(.rev16_text), (4 bytes).
    Removing driver_plateau.o(.revsh_text), (4 bytes).
    Removing driver_plateau.o(.rrx_text), (6 bytes).
    Removing startup_stm32f10x_md.o(HEAP), (512 bytes).
    Removing system_stm32f10x.o(.rev16_text), (4 bytes).
    Removing system_stm32f10x.o(.revsh_text), (4 bytes).
    Removing system_stm32f10x.o(.rrx_text), (6 bytes).
    Removing system_stm32f10x.o(i.SystemCoreClockUpdate), (164 bytes).
    Removing system_stm32f10x.o(.data), (20 bytes).

27 unused section(s) (total 1120 bytes) removed from the image.

==============================================================================

Image Symbol Table

    Local Symbols

    Symbol Name                              Value     Ov Type        Size  Object(Section)

    ../clib/microlib/init/entry.s            0x00000000   Number         0  entry7a.o ABSOLUTE
    ../clib/microlib/init/entry.s            0x00000000   Number         0  entry10a.o ABSOLUTE
    ../clib/microlib/init/entry.s            0x00000000   Number         0  entry9b.o ABSOLUTE
    ../clib/microlib/init/entry.s            0x00000000   Number         0  entry7b.o ABSOLUTE
    ../clib/microlib/init/entry.s            0x00000000   Number         0  entry8a.o ABSOLUTE
    ../clib/microlib/init/entry.s            0x00000000   Number         0  entry9a.o ABSOLUTE
    ../clib/microlib/init/entry.s            0x00000000   Number         0  entry8b.o ABSOLUTE
    ../clib/microlib/init/entry.s            0x00000000   Number         0  entry.o ABSOLUTE
    ../clib/microlib/init/entry.s            0x00000000   Number         0  entry12b.o ABSOLUTE
    ../clib/microlib/init/entry.s            0x00000000   Number         0  entry2.o ABSOLUTE
    ../clib/microlib/init/entry.s            0x00000000   Number         0  entry5.o ABSOLUTE
    ../clib/microlib/init/entry.s            0x00000000   Number         0  entry12a.o ABSOLUTE
    ../clib/microlib/init/entry.s            0x00000000   Number         0  entry11b.o ABSOLUTE
    ../clib/microlib/init/entry.s            0x00000000   Number         0  entry11a.o ABSOLUTE
    ../clib/microlib/init/entry.s            0x00000000   Number         0  entry10b.o ABSOLUTE
    ../clib/microlib/string/memcpy.c         0x00000000   Number         0  memcpya.o ABSOLUTE
    ../clib/microlib/string/memcpy.c         0x00000000   Number         0  memcpyb.o ABSOLUTE
    Drivers\Driver_GPIO.c                    0x00000000   Number         0  driver_gpio.o ABSOLUTE
    Drivers\Driver_Plateau.c                 0x00000000   Number         0  driver_plateau.o ABSOLUTE
    Drivers\Driver_Timer.c                   0x00000000   Number         0  driver_timer.o ABSOLUTE
    Drivers\Driver_UART.c                    0x00000000   Number         0  driver_uart.o ABSOLUTE
    Drivers\\Driver_GPIO.c                   0x00000000   Number         0  driver_gpio.o ABSOLUTE
    Drivers\\Driver_Plateau.c                0x00000000   Number         0  driver_plateau.o ABSOLUTE
    Drivers\\Driver_Timer.c                  0x00000000   Number         0  driver_timer.o ABSOLUTE
    Drivers\\Driver_UART.c                   0x00000000   Number         0  driver_uart.o ABSOLUTE
    Principal.c                              0x00000000   Number         0  principal.o ABSOLUTE
    Principal.c                              0x00000000   Number         0  principal.o ABSOLUTE
    RTE\Device\STM32F103RB\startup_stm32f10x_md.s 0x00000000   Number         0  startup_stm32f10x_md.o ABSOLUTE
    RTE\Device\STM32F103RB\system_stm32f10x.c 0x00000000   Number         0  system_stm32f10x.o ABSOLUTE
    RTE\\Device\\STM32F103RB\\system_stm32f10x.c 0x00000000   Number         0  system_stm32f10x.o ABSOLUTE
    dc.s                                     0x00000000   Number         0  dc.o ABSOLUTE
    handlers.s                               0x00000000   Number         0  handlers.o ABSOLUTE
    init.s                                   0x00000000   Number         0  init.o ABSOLUTE
    RESET                                    0x08000000   Section      236  startup_stm32f10x_md.o(RESET)
    .ARM.Collect$$$$00000000                 0x080000ec   Section        0  entry.o(.ARM.Collect$$$$00000000)
    .ARM.Collect$$$$00000001                 0x080000ec   Section        4  entry2.o(.ARM.Collect$$$$00000001)
    .ARM.Collect$$$$00000004                 0x080000f0   Section        4  entry5.o(.ARM.Collect$$$$00000004)
    .ARM.Collect$$$$00000008                 0x080000f4   Section        0  entry7b.o(.ARM.Collect$$$$00000008)
    .ARM.Collect$$$$0000000A                 0x080000f4   Section        0  entry8b.o(.ARM.Collect$$$$0000000A)
    .ARM.Collect$$$$0000000B                 0x080000f4   Section        8  entry9a.o(.ARM.Collect$$$$0000000B)
    .ARM.Collect$$$$0000000E                 0x080000fc   Section        4  entry12b.o(.ARM.Collect$$$$0000000E)
    .ARM.Collect$$$$0000000F                 0x08000100   Section        0  entry10a.o(.ARM.Collect$$$$0000000F)
    .ARM.Collect$$$$00000011                 0x08000100   Section        0  entry11a.o(.ARM.Collect$$$$00000011)
    .ARM.Collect$$$$00002712                 0x08000100   Section        4  entry2.o(.ARM.Collect$$$$00002712)
    __lit__00000000                          0x08000100   Data           4  entry2.o(.ARM.Collect$$$$00002712)
    .text                                    0x08000104   Section       36  startup_stm32f10x_md.o(.text)
    .text                                    0x08000128   Section        0  memcpya.o(.text)
    .text                                    0x0800014c   Section       36  init.o(.text)
    i.MyGPIO_Init                            0x08000170   Section        0  driver_gpio.o(i.MyGPIO_Init)
    i.MyGPIO_Reset                           0x0800027c   Section        0  driver_gpio.o(i.MyGPIO_Reset)
    i.MyGPIO_Set                             0x0800028e   Section        0  driver_gpio.o(i.MyGPIO_Set)
    i.MyTimer_Base_Init                      0x0800029c   Section        0  driver_timer.o(i.MyTimer_Base_Init)
    i.MyTimer_PWM                            0x08000310   Section        0  driver_timer.o(i.MyTimer_PWM)
    i.MyTimer_PWM_DutyCycle                  0x08000400   Section        0  driver_timer.o(i.MyTimer_PWM_DutyCycle)
    i.MyUART_Enable                          0x080004a2   Section        0  driver_uart.o(i.MyUART_Enable)
    i.MyUART_Enable_Receive_IT               0x080004c8   Section        0  driver_uart.o(i.MyUART_Enable_Receive_IT)
    i.MyUART_Init                            0x08000544   Section        0  driver_uart.o(i.MyUART_Init)
    i.PLATEAU_Enable                         0x080006e4   Section        0  driver_plateau.o(i.PLATEAU_Enable)
    i.PLATEAU_Init                           0x08000720   Section        0  driver_plateau.o(i.PLATEAU_Init)
    i.SetSysClock                            0x08000748   Section        0  system_stm32f10x.o(i.SetSysClock)
    SetSysClock                              0x08000749   Thumb Code     8  system_stm32f10x.o(i.SetSysClock)
    i.SetSysClockTo72                        0x08000750   Section        0  system_stm32f10x.o(i.SetSysClockTo72)
    SetSysClockTo72                          0x08000751   Thumb Code   214  system_stm32f10x.o(i.SetSysClockTo72)
    i.SystemInit                             0x08000830   Section        0  system_stm32f10x.o(i.SystemInit)
    i.TIM1_UP_IRQHandler                     0x08000890   Section        0  driver_timer.o(i.TIM1_UP_IRQHandler)
    i.TIM2_IRQHandler                        0x080008b4   Section        0  driver_timer.o(i.TIM2_IRQHandler)
    i.TIM3_IRQHandler                        0x080008d8   Section        0  driver_timer.o(i.TIM3_IRQHandler)
    i.TIM4_IRQHandler                        0x080008fc   Section        0  driver_timer.o(i.TIM4_IRQHandler)
    i.USART1_IRQHandler                      0x08000920   Section        0  driver_uart.o(i.USART1_IRQHandler)
    i.USART2_IRQHandler                      0x08000978   Section        0  driver_uart.o(i.USART2_IRQHandler)
    i.USART3_IRQHandler                      0x080009d4   Section        0  driver_uart.o(i.USART3_IRQHandler)
    i.USART_IT                               0x08000a30   Section        0  driver_plateau.o(i.USART_IT)
    i.__NVIC_EnableIRQ                       0x08000a8c   Section        0  driver_uart.o(i.__NVIC_EnableIRQ)
    __NVIC_EnableIRQ                         0x08000a8d   Thumb Code    34  driver_uart.o(i.__NVIC_EnableIRQ)
    i.__NVIC_SetPriority                     0x08000ab0   Section        0  driver_uart.o(i.__NVIC_SetPriority)
    __NVIC_SetPriority                       0x08000ab1   Thumb Code    32  driver_uart.o(i.__NVIC_SetPriority)
    i.__scatterload_copy                     0x08000ad8   Section       14  handlers.o(i.__scatterload_copy)
    i.__scatterload_null                     0x08000ae6   Section        2  handlers.o(i.__scatterload_null)
    i.__scatterload_zeroinit                 0x08000ae8   Section       14  handlers.o(i.__scatterload_zeroinit)
    i.main                                   0x08000af8   Section        0  principal.o(i.main)
    .constdata                               0x08000b4c   Section       56  principal.o(.constdata)
    .constdata                               0x08000b84   Section       24  driver_uart.o(.constdata)
    .data                                    0x20000000   Section        4  driver_timer.o(.data)
    .data                                    0x20000004   Section        8  driver_uart.o(.data)
    .data                                    0x2000000c   Section        4  driver_plateau.o(.data)
    .bss                                     0x20000010   Section       18  driver_uart.o(.bss)
    STACK                                    0x20000028   Section     1024  startup_stm32f10x_md.o(STACK)

    Global Symbols

    Symbol Name                              Value     Ov Type        Size  Object(Section)

    BuildAttributes$$THM_ISAv4$P$D$K$B$S$PE$A:L22UL41UL21$X:L11$S22US41US21$IEEE1$IW$USESV6$~STKCKD$USESV7$~SHL$OSPACE$EBA8$MICROLIB$REQ8$PRES8$EABIv2 0x00000000   Number         0  anon$$obj.o ABSOLUTE
    __ARM_use_no_argv                        0x00000000   Number         0  principal.o ABSOLUTE
    __arm_fini_                               - Undefined Weak Reference
    __cpp_initialize__aeabi_                  - Undefined Weak Reference
    __cxa_finalize                            - Undefined Weak Reference
    __decompress                              - Undefined Weak Reference
    _clock_init                               - Undefined Weak Reference
    _microlib_exit                            - Undefined Weak Reference
    __Vectors_Size                           0x000000ec   Number         0  startup_stm32f10x_md.o ABSOLUTE
    __Vectors                                0x08000000   Data           4  startup_stm32f10x_md.o(RESET)
    __Vectors_End                            0x080000ec   Data           0  startup_stm32f10x_md.o(RESET)
    __main                                   0x080000ed   Thumb Code     0  entry.o(.ARM.Collect$$$$00000000)
    _main_stk                                0x080000ed   Thumb Code     0  entry2.o(.ARM.Collect$$$$00000001)
    _main_scatterload                        0x080000f1   Thumb Code     0  entry5.o(.ARM.Collect$$$$00000004)
    __main_after_scatterload                 0x080000f5   Thumb Code     0  entry5.o(.ARM.Collect$$$$00000004)
    _main_clock                              0x080000f5   Thumb Code     0  entry7b.o(.ARM.Collect$$$$00000008)
    _main_cpp_init                           0x080000f5   Thumb Code     0  entry8b.o(.ARM.Collect$$$$0000000A)
    _main_init                               0x080000f5   Thumb Code     0  entry9a.o(.ARM.Collect$$$$0000000B)
    __rt_lib_shutdown_fini                   0x080000fd   Thumb Code     0  entry12b.o(.ARM.Collect$$$$0000000E)
    __rt_final_cpp                           0x08000101   Thumb Code     0  entry10a.o(.ARM.Collect$$$$0000000F)
    __rt_final_exit                          0x08000101   Thumb Code     0  entry11a.o(.ARM.Collect$$$$00000011)
    Reset_Handler                            0x08000105   Thumb Code     8  startup_stm32f10x_md.o(.text)
    NMI_Handler                              0x0800010d   Thumb Code     2  startup_stm32f10x_md.o(.text)
    HardFault_Handler                        0x0800010f   Thumb Code     2  startup_stm32f10x_md.o(.text)
    MemManage_Handler                        0x08000111   Thumb Code     2  startup_stm32f10x_md.o(.text)
    BusFault_Handler                         0x08000113   Thumb Code     2  startup_stm32f10x_md.o(.text)
    UsageFault_Handler                       0x08000115   Thumb Code     2  startup_stm32f10x_md.o(.text)
    SVC_Handler                              0x08000117   Thumb Code     2  startup_stm32f10x_md.o(.text)
    DebugMon_Handler                         0x08000119   Thumb Code     2  startup_stm32f10x_md.o(.text)
    PendSV_Handler                           0x0800011b   Thumb Code     2  startup_stm32f10x_md.o(.text)
    SysTick_Handler                          0x0800011d   Thumb Code     2  startup_stm32f10x_md.o(.text)
    ADC1_2_IRQHandler                        0x0800011f   Thumb Code     0  startup_stm32f10x_md.o(.text)
    CAN1_RX1_IRQHandler                      0x0800011f   Thumb Code     0  startup_stm32f10x_md.o(.text)
    CAN1_SCE_IRQHandler                      0x0800011f   Thumb Code     0  startup_stm32f10x_md.o(.text)
    DMA1_Channel1_IRQHandler                 0x0800011f   Thumb Code     0  startup_stm32f10x_md.o(.text)
    DMA1_Channel2_IRQHandler                 0x0800011f   Thumb Code     0  startup_stm32f10x_md.o(.text)
    DMA1_Channel3_IRQHandler                 0x0800011f   Thumb Code     0  startup_stm32f10x_md.o(.text)
    DMA1_Channel4_IRQHandler                 0x0800011f   Thumb Code     0  startup_stm32f10x_md.o(.text)
    DMA1_Channel5_IRQHandler                 0x0800011f   Thumb Code     0  startup_stm32f10x_md.o(.text)
    DMA1_Channel6_IRQHandler                 0x0800011f   Thumb Code     0  startup_stm32f10x_md.o(.text)
    DMA1_Channel7_IRQHandler                 0x0800011f   Thumb Code     0  startup_stm32f10x_md.o(.text)
    EXTI0_IRQHandler                         0x0800011f   Thumb Code     0  startup_stm32f10x_md.o(.text)
    EXTI15_10_IRQHandler                     0x0800011f   Thumb Code     0  startup_stm32f10x_md.o(.text)
    EXTI1_IRQHandler                         0x0800011f   Thumb Code     0  startup_stm32f10x_md.o(.text)
    EXTI2_IRQHandler                         0x0800011f   Thumb Code     0  startup_stm32f10x_md.o(.text)
    EXTI3_IRQHandler                         0x0800011f   Thumb Code     0  startup_stm32f10x_md.o(.text)
    EXTI4_IRQHandler                         0x0800011f   Thumb Code     0  startup_stm32f10x_md.o(.text)
    EXTI9_5_IRQHandler                       0x0800011f   Thumb Code     0  startup_stm32f10x_md.o(.text)
    FLASH_IRQHandler                         0x0800011f   Thumb Code     0  startup_stm32f10x_md.o(.text)
    I2C1_ER_IRQHandler                       0x0800011f   Thumb Code     0  startup_stm32f10x_md.o(.text)
    I2C1_EV_IRQHandler                       0x0800011f   Thumb Code     0  startup_stm32f10x_md.o(.text)
    I2C2_ER_IRQHandler                       0x0800011f   Thumb Code     0  startup_stm32f10x_md.o(.text)
    I2C2_EV_IRQHandler                       0x0800011f   Thumb Code     0  startup_stm32f10x_md.o(.text)
    PVD_IRQHandler                           0x0800011f   Thumb Code     0  startup_stm32f10x_md.o(.text)
    RCC_IRQHandler                           0x0800011f   Thumb Code     0  startup_stm32f10x_md.o(.text)
    RTCAlarm_IRQHandler                      0x0800011f   Thumb Code     0  startup_stm32f10x_md.o(.text)
    RTC_IRQHandler                           0x0800011f   Thumb Code     0  startup_stm32f10x_md.o(.text)
    SPI1_IRQHandler                          0x0800011f   Thumb Code     0  startup_stm32f10x_md.o(.text)
    SPI2_IRQHandler                          0x0800011f   Thumb Code     0  startup_stm32f10x_md.o(.text)
    TAMPER_IRQHandler                        0x0800011f   Thumb Code     0  startup_stm32f10x_md.o(.text)
    TIM1_BRK_IRQHandler                      0x0800011f   Thumb Code     0  startup_stm32f10x_md.o(.text)
    TIM1_CC_IRQHandler                       0x0800011f   Thumb Code     0  startup_stm32f10x_md.o(.text)
    TIM1_TRG_COM_IRQHandler                  0x0800011f   Thumb Code     0  startup_stm32f10x_md.o(.text)
    USBWakeUp_IRQHandler                     0x0800011f   Thumb Code     0  startup_stm32f10x_md.o(.text)
    USB_HP_CAN1_TX_IRQHandler                0x0800011f   Thumb Code     0  startup_stm32f10x_md.o(.text)
    USB_LP_CAN1_RX0_IRQHandler               0x0800011f   Thumb Code     0  startup_stm32f10x_md.o(.text)
    WWDG_IRQHandler                          0x0800011f   Thumb Code     0  startup_stm32f10x_md.o(.text)
    __aeabi_memcpy                           0x08000129   Thumb Code    36  memcpya.o(.text)
    __aeabi_memcpy4                          0x08000129   Thumb Code     0  memcpya.o(.text)
    __aeabi_memcpy8                          0x08000129   Thumb Code     0  memcpya.o(.text)
    __scatterload                            0x0800014d   Thumb Code    28  init.o(.text)
    __scatterload_rt2                        0x0800014d   Thumb Code     0  init.o(.text)
    MyGPIO_Init                              0x08000171   Thumb Code   246  driver_gpio.o(i.MyGPIO_Init)
    MyGPIO_Reset                             0x0800027d   Thumb Code    18  driver_gpio.o(i.MyGPIO_Reset)
    MyGPIO_Set                               0x0800028f   Thumb Code    12  driver_gpio.o(i.MyGPIO_Set)
    MyTimer_Base_Init                        0x0800029d   Thumb Code   100  driver_timer.o(i.MyTimer_Base_Init)
    MyTimer_PWM                              0x08000311   Thumb Code   234  driver_timer.o(i.MyTimer_PWM)
    MyTimer_PWM_DutyCycle                    0x08000401   Thumb Code   162  driver_timer.o(i.MyTimer_PWM_DutyCycle)
    MyUART_Enable                            0x080004a3   Thumb Code    38  driver_uart.o(i.MyUART_Enable)
    MyUART_Enable_Receive_IT                 0x080004c9   Thumb Code   102  driver_uart.o(i.MyUART_Enable_Receive_IT)
    MyUART_Init                              0x08000545   Thumb Code   396  driver_uart.o(i.MyUART_Init)
    PLATEAU_Enable                           0x080006e5   Thumb Code    50  driver_plateau.o(i.PLATEAU_Enable)
    PLATEAU_Init                             0x08000721   Thumb Code    40  driver_plateau.o(i.PLATEAU_Init)
    SystemInit                               0x08000831   Thumb Code    78  system_stm32f10x.o(i.SystemInit)
    TIM1_UP_IRQHandler                       0x08000891   Thumb Code    28  driver_timer.o(i.TIM1_UP_IRQHandler)
    TIM2_IRQHandler                          0x080008b5   Thumb Code    32  driver_timer.o(i.TIM2_IRQHandler)
    TIM3_IRQHandler                          0x080008d9   Thumb Code    28  driver_timer.o(i.TIM3_IRQHandler)
    TIM4_IRQHandler                          0x080008fd   Thumb Code    28  driver_timer.o(i.TIM4_IRQHandler)
    USART1_IRQHandler                        0x08000921   Thumb Code    70  driver_uart.o(i.USART1_IRQHandler)
    USART2_IRQHandler                        0x08000979   Thumb Code    70  driver_uart.o(i.USART2_IRQHandler)
    USART3_IRQHandler                        0x080009d5   Thumb Code    70  driver_uart.o(i.USART3_IRQHandler)
    USART_IT                                 0x08000a31   Thumb Code    84  driver_plateau.o(i.USART_IT)
    __scatterload_copy                       0x08000ad9   Thumb Code    14  handlers.o(i.__scatterload_copy)
    __scatterload_null                       0x08000ae7   Thumb Code     2  handlers.o(i.__scatterload_null)
    __scatterload_zeroinit                   0x08000ae9   Thumb Code    14  handlers.o(i.__scatterload_zeroinit)
    main                                     0x08000af9   Thumb Code    80  principal.o(i.main)
    Region$$Table$$Base                      0x08000b9c   Number         0  anon$$obj.o(Region$$Table)
    Region$$Table$$Limit                     0x08000bbc   Number         0  anon$$obj.o(Region$$Table)
    ptr_Fnc_Handler                          0x20000000   Data           4  driver_timer.o(.data)
    INDEXER_BUFFER                           0x20000004   Data           1  driver_uart.o(.data)
    ptr_Fnc_Callback                         0x20000008   Data           4  driver_uart.o(.data)
    MonPlateau_global                        0x2000000c   Data           4  driver_plateau.o(.data)
    BUFFER                                   0x20000010   Data          18  driver_uart.o(.bss)
    __initial_sp                             0x20000428   Data           0  startup_stm32f10x_md.o(STACK)



==============================================================================

Memory Map of the image

  Image Entry point : 0x08000105

  Load Region LR_1 (Base: 0x08000000, Size: 0x00000bcc, Max: 0xffffffff, ABSOLUTE)

    Execution Region ER_RO (Exec base: 0x08000000, Load base: 0x08000000, Size: 0x00000bbc, Max: 0xffffffff, ABSOLUTE)

    Exec Addr    Load Addr    Size         Type   Attr      Idx    E Section Name        Object

    0x08000000   0x08000000   0x000000ec   Data   RO          331    RESET               startup_stm32f10x_md.o
    0x080000ec   0x080000ec   0x00000000   Code   RO          382  * .ARM.Collect$$$$00000000  mc_w.l(entry.o)
    0x080000ec   0x080000ec   0x00000004   Code   RO          389    .ARM.Collect$$$$00000001  mc_w.l(entry2.o)
    0x080000f0   0x080000f0   0x00000004   Code   RO          392    .ARM.Collect$$$$00000004  mc_w.l(entry5.o)
    0x080000f4   0x080000f4   0x00000000   Code   RO          394    .ARM.Collect$$$$00000008  mc_w.l(entry7b.o)
    0x080000f4   0x080000f4   0x00000000   Code   RO          396    .ARM.Collect$$$$0000000A  mc_w.l(entry8b.o)
    0x080000f4   0x080000f4   0x00000008   Code   RO          397    .ARM.Collect$$$$0000000B  mc_w.l(entry9a.o)
    0x080000fc   0x080000fc   0x00000004   Code   RO          404    .ARM.Collect$$$$0000000E  mc_w.l(entry12b.o)
    0x08000100   0x08000100   0x00000000   Code   RO          399    .ARM.Collect$$$$0000000F  mc_w.l(entry10a.o)
    0x08000100   0x08000100   0x00000000   Code   RO          401    .ARM.Collect$$$$00000011  mc_w.l(entry11a.o)
    0x08000100   0x08000100   0x00000004   Code   RO          390    .ARM.Collect$$$$00002712  mc_w.l(entry2.o)
    0x08000104   0x08000104   0x00000024   Code   RO          332  * .text               startup_stm32f10x_md.o
    0x08000128   0x08000128   0x00000024   Code   RO          385    .text               mc_w.l(memcpya.o)
    0x0800014c   0x0800014c   0x00000024   Code   RO          405    .text               mc_w.l(init.o)
    0x08000170   0x08000170   0x0000010c   Code   RO           71    i.MyGPIO_Init       driver_gpio.o
    0x0800027c   0x0800027c   0x00000012   Code   RO           73    i.MyGPIO_Reset      driver_gpio.o
    0x0800028e   0x0800028e   0x0000000c   Code   RO           74    i.MyGPIO_Set        driver_gpio.o
    0x0800029a   0x0800029a   0x00000002   PAD
    0x0800029c   0x0800029c   0x00000074   Code   RO          123    i.MyTimer_Base_Init  driver_timer.o
    0x08000310   0x08000310   0x000000f0   Code   RO          124    i.MyTimer_PWM       driver_timer.o
    0x08000400   0x08000400   0x000000a2   Code   RO          125    i.MyTimer_PWM_DutyCycle  driver_timer.o
    0x080004a2   0x080004a2   0x00000026   Code   RO          208    i.MyUART_Enable     driver_uart.o
    0x080004c8   0x080004c8   0x0000007c   Code   RO          209    i.MyUART_Enable_Receive_IT  driver_uart.o
    0x08000544   0x08000544   0x000001a0   Code   RO          210    i.MyUART_Init       driver_uart.o
    0x080006e4   0x080006e4   0x0000003c   Code   RO          286    i.PLATEAU_Enable    driver_plateau.o
    0x08000720   0x08000720   0x00000028   Code   RO          287    i.PLATEAU_Init      driver_plateau.o
    0x08000748   0x08000748   0x00000008   Code   RO          339    i.SetSysClock       system_stm32f10x.o
    0x08000750   0x08000750   0x000000e0   Code   RO          340    i.SetSysClockTo72   system_stm32f10x.o
    0x08000830   0x08000830   0x00000060   Code   RO          342    i.SystemInit        system_stm32f10x.o
    0x08000890   0x08000890   0x00000024   Code   RO          126    i.TIM1_UP_IRQHandler  driver_timer.o
    0x080008b4   0x080008b4   0x00000024   Code   RO          127    i.TIM2_IRQHandler   driver_timer.o
    0x080008d8   0x080008d8   0x00000024   Code   RO          128    i.TIM3_IRQHandler   driver_timer.o
    0x080008fc   0x080008fc   0x00000024   Code   RO          129    i.TIM4_IRQHandler   driver_timer.o
    0x08000920   0x08000920   0x00000058   Code   RO          212    i.USART1_IRQHandler  driver_uart.o
    0x08000978   0x08000978   0x0000005c   Code   RO          213    i.USART2_IRQHandler  driver_uart.o
    0x080009d4   0x080009d4   0x0000005c   Code   RO          214    i.USART3_IRQHandler  driver_uart.o
    0x08000a30   0x08000a30   0x0000005c   Code   RO          288    i.USART_IT          driver_plateau.o
    0x08000a8c   0x08000a8c   0x00000022   Code   RO          215    i.__NVIC_EnableIRQ  driver_uart.o
    0x08000aae   0x08000aae   0x00000002   PAD
    0x08000ab0   0x08000ab0   0x00000028   Code   RO          216    i.__NVIC_SetPriority  driver_uart.o
    0x08000ad8   0x08000ad8   0x0000000e   Code   RO          409    i.__scatterload_copy  mc_w.l(handlers.o)
    0x08000ae6   0x08000ae6   0x00000002   Code   RO          410    i.__scatterload_null  mc_w.l(handlers.o)
    0x08000ae8   0x08000ae8   0x0000000e   Code   RO          411    i.__scatterload_zeroinit  mc_w.l(handlers.o)
    0x08000af6   0x08000af6   0x00000002   PAD
    0x08000af8   0x08000af8   0x00000054   Code   RO            4    i.main              principal.o
    0x08000b4c   0x08000b4c   0x00000038   Data   RO            5    .constdata          principal.o
    0x08000b84   0x08000b84   0x00000018   Data   RO          218    .constdata          driver_uart.o
    0x08000b9c   0x08000b9c   0x00000020   Data   RO          407    Region$$Table       anon$$obj.o


    Execution Region ER_RW (Exec base: 0x20000000, Load base: 0x08000bbc, Size: 0x00000010, Max: 0xffffffff, ABSOLUTE)

    Exec Addr    Load Addr    Size         Type   Attr      Idx    E Section Name        Object

    0x20000000   0x08000bbc   0x00000004   Data   RW          132    .data               driver_timer.o
    0x20000004   0x08000bc0   0x00000008   Data   RW          219    .data               driver_uart.o
    0x2000000c   0x08000bc8   0x00000004   Data   RW          289    .data               driver_plateau.o


    Execution Region ER_ZI (Exec base: 0x20000010, Load base: 0x08000bcc, Size: 0x00000418, Max: 0xffffffff, ABSOLUTE)

    Exec Addr    Load Addr    Size         Type   Attr      Idx    E Section Name        Object

    0x20000010        -       0x00000012   Zero   RW          217    .bss                driver_uart.o
    0x20000022   0x08000bcc   0x00000006   PAD
    0x20000028        -       0x00000400   Zero   RW          329    STACK               startup_stm32f10x_md.o


==============================================================================

Image component sizes


      Code (inc. data)   RO Data    RW Data    ZI Data      Debug   Object Name

       298         22          0          0          0       2554   driver_gpio.o
       192         18          0          4          0       3707   driver_plateau.o
       662         50          0          4          0       4847   driver_timer.o
       924        112         24          8         18       6078   driver_uart.o
        84          4         56          0          0     211155   principal.o
        36          8        236          0       1024        816   startup_stm32f10x_md.o
       328         28          0          0          0       2013   system_stm32f10x.o

    ----------------------------------------------------------------------
      2528        242        348         16       1048     231170   Object Totals
         0          0         32          0          0          0   (incl. Generated)
         4          0          0          0          6          0   (incl. Padding)

    ----------------------------------------------------------------------

      Code (inc. data)   RO Data    RW Data    ZI Data      Debug   Library Member Name

         0          0          0          0          0          0   entry.o
         0          0          0          0          0          0   entry10a.o
         0          0          0          0          0          0   entry11a.o
         4          0          0          0          0          0   entry12b.o
         8          4          0          0          0          0   entry2.o
         4          0          0          0          0          0   entry5.o
         0          0          0          0          0          0   entry7b.o
         0          0          0          0          0          0   entry8b.o
         8          4          0          0          0          0   entry9a.o
        30          0          0          0          0          0   handlers.o
        36          8          0          0          0         68   init.o
        36          0          0          0          0         68   memcpya.o

    ----------------------------------------------------------------------
       128         16          0          0          0        136   Library Totals
         2          0          0          0          0          0   (incl. Padding)

    ----------------------------------------------------------------------

      Code (inc. data)   RO Data    RW Data    ZI Data      Debug   Library Name

       126         16          0          0          0        136   mc_w.l

    ----------------------------------------------------------------------
       128         16          0          0          0        136   Library Totals

    ----------------------------------------------------------------------

==============================================================================


      Code (inc. data)   RO Data    RW Data    ZI Data      Debug   

      2656        258        348         16       1048     230262   Grand Totals
      2656        258        348         16       1048     230262   ELF Image Totals
      2656        258        348         16          0          0   ROM Totals

==============================================================================

    Total RO  Size (Code + RO Data)                 3004 (   2.93kB)
    Total RW  Size (RW Data + ZI Data)              1064 (   1.04kB)
    Total ROM Size (Code + RO Data + RW Data)       3020 (   2.95kB)

==============================================================================

